B1C1_24H_STARTED stamp=20260517T132937Z at 2026-05-17T13:29:38Z
{
  "allocator_truth_claimable": true,
  "backend": "native",
  "claimable_24h_duration": false,
  "cleanup_settle": {
    "active_memory_bytes": 28,
    "active_memory_gb": 0.0,
    "duration_ms": 23.87,
    "iterations": 2
  },
  "cleanup_unload_result": {
    "active_memory_freed_bytes": 0,
    "cache_memory_freed_bytes": 62133920638,
    "error_code": null,
    "freed_gb": 60.0,
    "message": "unloaded",
    "model_id": "/Users/yeemio/AI/Agent/models/gemma-4-31B-it",
    "ok": true
  },
  "conclusion": "blocked",
  "drift_budget_bytes": 209715200,
  "duration_requirement_met": false,
  "failure_measurement_count": 0,
  "fatal_watermark_count": 0,
  "gate": "B-1c section 1",
  "graduates": {
    "no_swap_soak_stability": false,
    "unblock_B_1c_section_2": false
  },
  "hard_failure": false,
  "interrupted_no_swap_rehearsal": {
    "aggregate_measurement_duration_s": 9988.399,
    "interruption_reason": "planned_stop",
    "no_swap_soak_stability": "blocked",
    "rehearsal_group_id": null,
    "rehearsal_segment_id": "20260517T132938Z-owlmlx-native-b1c1-no-swap-soak",
    "resumes_prior_segment": false,
    "segment_duration_s": 9988.399
  },
  "ledger": "files/evidence/owlmlx/bench/session-kv-soak/20260517T132938Z-b1c1-gemma-4-31B-it-no-swap-soak.jsonl",
  "ledger_gap_free": true,
  "load_result": {
    "active_memory_freed_bytes": null,
    "cache_memory_freed_bytes": null,
    "error_code": null,
    "freed_gb": null,
    "message": "loaded",
    "model_id": null,
    "ok": true
  },
  "max_drift_bytes": 0,
  "max_drift_within_budget": true,
  "measurement_duration_s": 9988.399,
  "measurement_mode": "mlx_core_active_memory",
  "measurement_samples": 161,
  "model": {
    "id": "gemma-4-31B-it",
    "memory_gb": 60.0,
    "path": "/Users/yeemio/AI/Agent/models/gemma-4-31B-it",
    "runtime_model_id": "/Users/yeemio/AI/Agent/models/gemma-4-31B-it"
  },
  "no_swap_soak_stability": "blocked",
  "ok": false,
  "output_dir": "files/evidence/owlmlx/bench/session-kv-soak",
  "prompt_mix_counts": {
    "long": 53,
    "medium": 54,
    "short": 54
  },
  "required_duration_s": 86400.0,
  "rollup_path": "files/evidence/owlmlx/bench/session-kv-soak/20260517T132938Z-b1c1-gemma-4-31B-it-no-swap-soak-rollup.jsonl",
  "run_id": "20260517T132938Z-owlmlx-native-b1c1-no-swap-soak",
  "samples": 164,
  "schema_version": "b1c1.v1",
  "session_cache_drops_total": 0,
  "session_cache_expirations_total": 0,
  "session_cache_rejects_total": 0,
  "session_mix_balanced": true,
  "session_mix_complete": true,
  "timestamp_utc": "2026-05-17T16:16:30.927226Z",
  "total_duration_s": 10012.082,
  "unresolved_reclaim_barrier_events": 0,
  "warmup_cycle_complete": true,
  "warmup_mix_counts": {
    "long": 1,
    "medium": 1,
    "short": 1
  },
  "warmup_samples": 3
}
B1C1_24H_FINISHED status=1 at 2026-05-17T16:16:31Z
